Archive member included to satisfy reference by file (symbol)

lib/orangescrt.a(printf.o)    kernel/main.o (printf)
lib/orangescrt.a(vsprintf.o)  kernel/main.o (vsprintf)
lib/orangescrt.a(string.o)    kernel/start.o (memcpy)
lib/orangescrt.a(misc.o)      kernel/main.o (send_recv)
lib/orangescrt.a(open.o)      kernel/main.o (open)
lib/orangescrt.a(read.o)      kernel/main.o (read)
lib/orangescrt.a(write.o)     kernel/main.o (write)
lib/orangescrt.a(close.o)     kernel/main.o (close)
lib/orangescrt.a(unlink.o)    kernel/main.o (unlink)
lib/orangescrt.a(lseek.o)     kernel/main.o (lseek)
lib/orangescrt.a(getpid.o)    fs/disklog.o (getpid)
lib/orangescrt.a(stat.o)      mm/exec.o (stat)
lib/orangescrt.a(fork.o)      kernel/main.o (fork)
lib/orangescrt.a(wait.o)      kernel/main.o (wait)
lib/orangescrt.a(exec.o)      kernel/main.o (execv)
lib/orangescrt.a(syscall.o)   lib/orangescrt.a(misc.o) (sendrec)

Allocating common symbols
Common symbol       size              file

filequeue           0xc8              kernel/main.o
idt_ptr             0x6               kernel/global.o
b                   0x4               kernel/main.o
x                   0x4               kernel/main.o
inode_table         0xb00             kernel/global.o
task_stack          0x24000           kernel/global.o
k_reenter           0x4               kernel/global.o
gdt                 0x400             kernel/global.o
current_console     0x4               kernel/global.o
pcaller             0x4               kernel/global.o
tty_table           0xc6c             kernel/global.o
tss                 0x68              kernel/global.o
fs_msg              0x30              kernel/global.o
memory_size         0x4               kernel/global.o
f_desc_table        0x400             kernel/global.o
root_inode          0x4               kernel/global.o
c                   0x4               kernel/main.o
disp_pos            0x4               kernel/global.o
files               0xa00             kernel/main.o
mm_msg              0x30              kernel/global.o
key_pressed         0x4               kernel/global.o
gdt_ptr             0x6               kernel/global.o
d                   0x4               kernel/main.o
idt                 0x800             kernel/global.o
super_block         0x1e0             kernel/global.o
PARTITION_ENTRY     0x10              kernel/hd.o
ticks               0x4               kernel/global.o
console_table       0x3c              kernel/global.o
userfiles           0xa00             kernel/main.o
irq_table           0x40              kernel/global.o
a                   0x4               kernel/main.o
p_proc_ready        0x4               kernel/global.o
chess               0x190             kernel/main.o
proc_table          0x3d48            kernel/global.o
passwords           0x100             kernel/main.o

Discarded input sections

 .note.GNU-stack
                0x0000000000000000        0x0 kernel/start.o
 .note.GNU-stack
                0x0000000000000000        0x0 kernel/main.o
 .note.GNU-stack
                0x0000000000000000        0x0 kernel/clock.o
 .note.GNU-stack
                0x0000000000000000        0x0 kernel/keyboard.o
 .note.GNU-stack
                0x0000000000000000        0x0 kernel/tty.o
 .note.GNU-stack
                0x0000000000000000        0x0 kernel/console.o
 .note.GNU-stack
                0x0000000000000000        0x0 kernel/i8259.o
 .note.GNU-stack
                0x0000000000000000        0x0 kernel/global.o
 .note.GNU-stack
                0x0000000000000000        0x0 kernel/protect.o
 .note.GNU-stack
                0x0000000000000000        0x0 kernel/proc.o
 .note.GNU-stack
                0x0000000000000000        0x0 kernel/systask.o
 .note.GNU-stack
                0x0000000000000000        0x0 kernel/hd.o
 .note.GNU-stack
                0x0000000000000000        0x0 kernel/klib.o
 .note.GNU-stack
                0x0000000000000000        0x0 kernel/welcome.o
 .note.GNU-stack
                0x0000000000000000        0x0 lib/syslog.o
 .note.GNU-stack
                0x0000000000000000        0x0 mm/main.o
 .note.GNU-stack
                0x0000000000000000        0x0 mm/forkexit.o
 .note.GNU-stack
                0x0000000000000000        0x0 mm/exec.o
 .note.GNU-stack
                0x0000000000000000        0x0 fs/main.o
 .note.GNU-stack
                0x0000000000000000        0x0 fs/open.o
 .note.GNU-stack
                0x0000000000000000        0x0 fs/misc.o
 .note.GNU-stack
                0x0000000000000000        0x0 fs/read_write.o
 .note.GNU-stack
                0x0000000000000000        0x0 fs/link.o
 .note.GNU-stack
                0x0000000000000000        0x0 fs/disklog.o
 .note.GNU-stack
                0x0000000000000000        0x0 lib/orangescrt.a(printf.o)
 .note.GNU-stack
                0x0000000000000000        0x0 lib/orangescrt.a(vsprintf.o)
 .note.GNU-stack
                0x0000000000000000        0x0 lib/orangescrt.a(misc.o)
 .note.GNU-stack
                0x0000000000000000        0x0 lib/orangescrt.a(open.o)
 .note.GNU-stack
                0x0000000000000000        0x0 lib/orangescrt.a(read.o)
 .note.GNU-stack
                0x0000000000000000        0x0 lib/orangescrt.a(write.o)
 .note.GNU-stack
                0x0000000000000000        0x0 lib/orangescrt.a(close.o)
 .note.GNU-stack
                0x0000000000000000        0x0 lib/orangescrt.a(unlink.o)
 .note.GNU-stack
                0x0000000000000000        0x0 lib/orangescrt.a(lseek.o)
 .note.GNU-stack
                0x0000000000000000        0x0 lib/orangescrt.a(getpid.o)
 .note.GNU-stack
                0x0000000000000000        0x0 lib/orangescrt.a(stat.o)
 .note.GNU-stack
                0x0000000000000000        0x0 lib/orangescrt.a(fork.o)
 .note.GNU-stack
                0x0000000000000000        0x0 lib/orangescrt.a(wait.o)
 .note.GNU-stack
                0x0000000000000000        0x0 lib/orangescrt.a(exec.o)

Memory Configuration

Name             Origin             Length             Attributes
*default*        0x0000000000000000 0xffffffffffffffff

Linker script and memory map

Address of section .text set to 0x1000
LOAD kernel/kernel.o
LOAD kernel/start.o
LOAD kernel/main.o
LOAD kernel/clock.o
LOAD kernel/keyboard.o
LOAD kernel/tty.o
LOAD kernel/console.o
LOAD kernel/i8259.o
LOAD kernel/global.o
LOAD kernel/protect.o
LOAD kernel/proc.o
LOAD kernel/systask.o
LOAD kernel/hd.o
LOAD kernel/kliba.o
LOAD kernel/klib.o
LOAD kernel/welcome.o
LOAD lib/syslog.o
LOAD mm/main.o
LOAD mm/forkexit.o
LOAD mm/exec.o
LOAD fs/main.o
LOAD fs/open.o
LOAD fs/misc.o
LOAD fs/read_write.o
LOAD fs/link.o
LOAD fs/disklog.o
LOAD lib/orangescrt.a
                [!provide]                        PROVIDE (__executable_start, 0x8048000)
                0x0000000008048094                . = (0x8048000 + SIZEOF_HEADERS)

.interp
 *(.interp)

.note.gnu.build-id
 *(.note.gnu.build-id)

.hash
 *(.hash)

.gnu.hash
 *(.gnu.hash)

.dynsym
 *(.dynsym)

.dynstr
 *(.dynstr)

.gnu.version
 *(.gnu.version)

.gnu.version_d
 *(.gnu.version_d)

.gnu.version_r
 *(.gnu.version_r)

.rel.dyn        0x0000000008048094        0x0
 *(.rel.init)
 *(.rel.text .rel.text.* .rel.gnu.linkonce.t.*)
 .rel.text      0x0000000008048094        0x0 kernel/kernel.o
 *(.rel.fini)
 *(.rel.rodata .rel.rodata.* .rel.gnu.linkonce.r.*)
 *(.rel.data.rel.ro .rel.data.rel.ro.* .rel.gnu.linkonce.d.rel.ro.*)
 *(.rel.data .rel.data.* .rel.gnu.linkonce.d.*)
 .rel.data      0x0000000008048094        0x0 kernel/kernel.o
 *(.rel.tdata .rel.tdata.* .rel.gnu.linkonce.td.*)
 *(.rel.tbss .rel.tbss.* .rel.gnu.linkonce.tb.*)
 *(.rel.ctors)
 *(.rel.dtors)
 *(.rel.got)
 *(.rel.bss .rel.bss.* .rel.gnu.linkonce.b.*)
 *(.rel.ifunc)

.rel.plt        0x0000000008048094        0x0
 *(.rel.plt)
                [!provide]                        PROVIDE (__rel_iplt_start, .)
 *(.rel.iplt)
 .rel.iplt      0x0000000008048094        0x0 kernel/kernel.o
                [!provide]                        PROVIDE (__rel_iplt_end, .)

.init
 *(SORT(.init))

.plt            0x00000000080480a0        0x0
 *(.plt)
 *(.iplt)
 .iplt          0x00000000080480a0        0x0 kernel/kernel.o

.plt.got
 *(.plt.got)

.text           0x0000000000001000    0x10288
 *(.text.unlikely .text.*_unlikely .text.unlikely.*)
 *(.text.exit .text.exit.*)
 *(.text.startup .text.startup.*)
 *(.text.hot .text.hot.*)
 *(.text .stub .text.* .gnu.linkonce.t.*)
 .text          0x0000000000001000      0x410 kernel/kernel.o
                0x0000000000001000                _start
                0x0000000000001040                hwint00
                0x0000000000001070                hwint01
                0x00000000000010a0                hwint02
                0x00000000000010d0                hwint03
                0x0000000000001100                hwint04
                0x0000000000001130                hwint05
                0x0000000000001160                hwint06
                0x0000000000001190                hwint07
                0x00000000000011c0                hwint08
                0x00000000000011f0                hwint09
                0x0000000000001220                hwint10
                0x0000000000001250                hwint11
                0x0000000000001280                hwint12
                0x00000000000012b0                hwint13
                0x00000000000012e0                hwint14
                0x0000000000001310                hwint15
                0x0000000000001334                divide_error
                0x000000000000133a                single_step_exception
                0x0000000000001340                nmi
                0x0000000000001346                breakpoint_exception
                0x000000000000134c                overflow
                0x0000000000001352                bounds_check
                0x0000000000001358                inval_opcode
                0x000000000000135e                copr_not_available
                0x0000000000001364                double_fault
                0x0000000000001368                copr_seg_overrun
                0x000000000000136e                inval_tss
                0x0000000000001372                segment_not_present
                0x0000000000001376                stack_exception
                0x000000000000137a                general_protection
                0x000000000000137e                page_fault
                0x0000000000001382                copr_error
                0x00000000000013cb                sys_call
                0x00000000000013eb                restart
 .text          0x0000000000001410       0x95 kernel/start.o
                0x0000000000001410                cstart
 .text          0x00000000000014a5     0x4e1d kernel/main.o
                0x00000000000014a5                kernel_main
                0x0000000000001805                get_ticks
                0x0000000000001839                untar
                0x0000000000001ae3                clear
                0x0000000000001b16                linlei_shell
                0x00000000000024eb                killpro
                0x000000000000256a                pausepro
                0x00000000000025e9                resume
                0x0000000000002668                clearArr
                0x0000000000002691                getPos
                0x00000000000026ca                len
                0x0000000000002705                vertify
                0x0000000000002732                createFilepath
                0x00000000000027d2                updateFileLogs
                0x000000000000289e                updateMyUsers
                0x000000000000297e                updateMyUsersPassword
                0x0000000000002a5e                addLog
                0x0000000000002bea                deleteLog
                0x0000000000002cf5                showhelp
                0x0000000000002e3e                initFs
                0x000000000000343f                createFile
                0x0000000000003556                readFile
                0x0000000000003618                editAppand
                0x0000000000003794                editCover
                0x0000000000003888                deleteFile
                0x0000000000003bf4                shift
                0x0000000000003cc9                addUser
                0x0000000000003e04                removeUser
                0x0000000000004036                ls
                0x000000000000416c                showProcess
                0x00000000000042e9                Init
                0x0000000000004435                TestA
                0x000000000000443a                TestB
                0x000000000000443f                TestC
                0x0000000000004444                panic
                0x000000000000448d                myIsspace
                0x00000000000044b9                My_atoi
                0x0000000000004601                playchess
                0x00000000000046f9                start
                0x0000000000005275                draw
                0x00000000000056be                AI
                0x000000000000574e                win
                0x000000000000588e                value
                0x0000000000005d53                qixing
                0x00000000000061f2                yiwei
 .text          0x00000000000062c2      0x182 kernel/clock.o
                0x00000000000062c2                clock_handler
                0x00000000000063b2                milli_delay
                0x00000000000063ec                init_clock
 .text          0x0000000000006444      0x6da kernel/keyboard.o
                0x0000000000006444                keyboard_handler
                0x00000000000064ae                init_keyboard
                0x000000000000655d                keyboard_read
 .text          0x0000000000006b1e      0xa4a kernel/tty.o
                0x0000000000006b1e                task_tty
                0x0000000000006d0f                in_process
                0x0000000000007268                sys_printx
                0x0000000000007407                dump_tty_buf
 .text          0x0000000000007568      0x824 kernel/console.o
                0x0000000000007568                init_screen
                0x00000000000076dc                out_char
                0x00000000000079cc                clear_screen
                0x0000000000007a06                is_current_console
                0x0000000000007a29                set_cursor
                0x0000000000007a91                set_video_start_addr
                0x0000000000007af9                select_console
                0x0000000000007b39                scroll_screen
                0x0000000000007d1d                flush
 .text          0x0000000000007d8c      0x130 kernel/i8259.o
                0x0000000000007d8c                init_8259A
                0x0000000000007e61                spurious_irq
                0x0000000000007e98                put_irq_handler
 .text          0x0000000000007ebc        0x0 kernel/global.o
 .text          0x0000000000007ebc      0x65f kernel/protect.o
                0x0000000000007ebc                init_prot
                0x0000000000008324                seg2linear
                0x0000000000008373                init_desc
                0x00000000000083e0                exception_handler
 .text          0x000000000000851b     0x16ca kernel/proc.o
                0x000000000000851b                schedule
                0x00000000000085ad                sys_sendrec
                0x00000000000086cd                ldt_seg_linear
                0x0000000000008717                va2la
                0x0000000000008778                reset_msg
                0x00000000000095ff                inform_int
                0x0000000000009796                dump_proc
                0x0000000000009ad8                dump_msg
 .text          0x0000000000009be5      0x2bc kernel/systask.o
                0x0000000000009be5                task_sys
 .text          0x0000000000009ea1      0xd1e kernel/hd.o
                0x0000000000009ea1                task_hd
                0x000000000000ab94                hd_handler
 *fill*         0x000000000000abbf        0x1 
 .text          0x000000000000abc0      0x19a kernel/kliba.o
                0x000000000000abc0                disp_str
                0x000000000000abfe                disp_color_str
                0x000000000000ac3d                out_byte
                0x000000000000ac49                in_byte
                0x000000000000ac53                port_read
                0x000000000000ac66                port_write
                0x000000000000ac79                disable_irq
                0x000000000000acae                enable_irq
                0x000000000000accd                disable_int
                0x000000000000accf                enable_int
                0x000000000000acd1                glitter
 .text          0x000000000000ad5a      0x2af kernel/klib.o
                0x000000000000ad5a                get_boot_params
                0x000000000000ade0                get_kernel_map
                0x000000000000aef0                itoa
                0x000000000000af9b                disp_int
                0x000000000000afc2                delay
 .text          0x000000000000b009      0x235 kernel/welcome.o
                0x000000000000b009                welcomeMiao
                0x000000000000b155                welcome
 .text          0x000000000000b23e       0x6f lib/syslog.o
                0x000000000000b23e                syslog
 .text          0x000000000000b2ad      0x1bc mm/main.o
                0x000000000000b2ad                task_mm
                0x000000000000b3e4                alloc_mem
                0x000000000000b45f                free_mem
 .text          0x000000000000b469      0x5c9 mm/forkexit.o
                0x000000000000b469                do_fork
                0x000000000000b7ad                do_exit
                0x000000000000b979                do_wait
 .text          0x000000000000ba32      0x356 mm/exec.o
                0x000000000000ba32                do_exec
 .text          0x000000000000bd88     0x1116 fs/main.o
                0x000000000000bd88                task_fs
                0x000000000000c883                rw_sector
                0x000000000000caa6                get_super_block
                0x000000000000caec                get_inode
                0x000000000000cc4f                put_inode
                0x000000000000cc8d                sync_inode
 .text          0x000000000000ce9e      0xa8a fs/open.o
                0x000000000000ce9e                do_open
                0x000000000000d323                do_close
                0x000000000000d39e                do_lseek
 .text          0x000000000000d928      0x3b2 fs/misc.o
                0x000000000000d928                do_stat
                0x000000000000daf9                search_file
                0x000000000000dc4f                strip_path
 .text          0x000000000000dcda      0x366 fs/read_write.o
                0x000000000000dcda                do_rdwt
 .text          0x000000000000e040      0x713 fs/link.o
                0x000000000000e040                do_unlink
 .text          0x000000000000e753     0x1f93 fs/disklog.o
                0x000000000000e753                disklog
                0x000000000000ec83                dump_fd_graph
 .text          0x00000000000106e6       0xad lib/orangescrt.a(printf.o)
                0x00000000000106e6                printf
                0x0000000000010751                printl
 .text          0x0000000000010793      0x305 lib/orangescrt.a(vsprintf.o)
                0x00000000000107f1                vsprintf
                0x0000000000010a72                sprintf
 *fill*         0x0000000000010a98        0x8 
 .text          0x0000000000010aa0       0x78 lib/orangescrt.a(string.o)
                0x0000000000010aa0                memcpy
                0x0000000000010ac9                memset
                0x0000000000010aea                strcpy
                0x0000000000010b02                strlen
 .text          0x0000000000010b18      0x256 lib/orangescrt.a(misc.o)
                0x0000000000010b18                send_recv
                0x0000000000010bd2                memcmp
                0x0000000000010c48                strcmp
                0x0000000000010cbb                strcat
                0x0000000000010d1a                spin
                0x0000000000010d35                assertion_failure
 .text          0x0000000000010d6e       0x63 lib/orangescrt.a(open.o)
                0x0000000000010d6e                open
 .text          0x0000000000010dd1       0x37 lib/orangescrt.a(read.o)
                0x0000000000010dd1                read
 .text          0x0000000000010e08       0x37 lib/orangescrt.a(write.o)
                0x0000000000010e08                write
 .text          0x0000000000010e3f       0x2b lib/orangescrt.a(close.o)
                0x0000000000010e3f                close
 .text          0x0000000000010e6a       0x3c lib/orangescrt.a(unlink.o)
                0x0000000000010e6a                unlink
 .text          0x0000000000010ea6       0x37 lib/orangescrt.a(lseek.o)
                0x0000000000010ea6                lseek
 .text          0x0000000000010edd       0x46 lib/orangescrt.a(getpid.o)
                0x0000000000010edd                getpid
 .text          0x0000000000010f23       0x63 lib/orangescrt.a(stat.o)
                0x0000000000010f23                stat
 .text          0x0000000000010f86       0x66 lib/orangescrt.a(fork.o)
                0x0000000000010f86                fork
 .text          0x0000000000010fec       0x3c lib/orangescrt.a(wait.o)
                0x0000000000010fec                wait
 .text          0x0000000000011028      0x237 lib/orangescrt.a(exec.o)
                0x0000000000011028                exec
                0x0000000000011093                execl
                0x00000000000110b8                execv
 *fill*         0x000000000001125f        0x1 
 .text          0x0000000000011260       0x28 lib/orangescrt.a(syscall.o)
                0x0000000000011260                sendrec
                0x000000000001127a                printx
 *(.gnu.warning)

.fini
 *(SORT(.fini))
                [!provide]                        PROVIDE (__etext, .)
                [!provide]                        PROVIDE (_etext, .)
                [!provide]                        PROVIDE (etext, .)

.rodata         0x00000000000112a0     0x3263
 *(.rodata .rodata.* .gnu.linkonce.r.*)
 .rodata        0x00000000000112a0       0x47 kernel/start.o
 *fill*         0x00000000000112e7       0x19 
 .rodata        0x0000000000011300      0xda4 kernel/main.o
 .rodata        0x00000000000120a4       0x64 kernel/keyboard.o
 .rodata        0x0000000000012108      0x168 kernel/tty.o
 .rodata        0x0000000000012270       0x5b kernel/console.o
 .rodata        0x00000000000122cb       0x11 kernel/i8259.o
 .rodata        0x00000000000122dc       0x10 kernel/global.o
                0x00000000000122dc                FSBUF_SIZE
                0x00000000000122e0                MMBUF_SIZE
                0x00000000000122e4                LOGBUF_SIZE
                0x00000000000122e8                LOGDISKBUF_SIZE
 *fill*         0x00000000000122ec       0x14 
 .rodata        0x0000000000012300      0x580 kernel/protect.o
 .rodata        0x0000000000012880      0x5da kernel/proc.o
 .rodata        0x0000000000012e5a       0x11 kernel/systask.o
 *fill*         0x0000000000012e6b        0x1 
 .rodata        0x0000000000012e6c      0x15c kernel/hd.o
 .rodata        0x0000000000012fc8       0x6a kernel/klib.o
 *fill*         0x0000000000013032        0x2 
 .rodata        0x0000000000013034      0x328 kernel/welcome.o
 .rodata        0x000000000001335c       0x1e lib/syslog.o
 *fill*         0x000000000001337a        0x2 
 .rodata        0x000000000001337c       0xb1 mm/main.o
 *fill*         0x000000000001342d        0x3 
 .rodata        0x0000000000013430       0xe7 mm/forkexit.o
 *fill*         0x0000000000013517        0x1 
 .rodata        0x0000000000013518       0xa4 mm/exec.o
 .rodata        0x00000000000135bc      0x2ce fs/main.o
 *fill*         0x000000000001388a        0x2 
 .rodata        0x000000000001388c      0x134 fs/open.o
 .rodata        0x00000000000139c0       0x60 fs/misc.o
 .rodata        0x0000000000013a20      0x122 fs/link.o
 *fill*         0x0000000000013b42        0x2 
 .rodata        0x0000000000013b44      0x7d6 fs/disklog.o
 .rodata        0x000000000001431a       0x14 lib/orangescrt.a(printf.o)
 *fill*         0x000000000001432e        0x2 
 .rodata        0x0000000000014330       0xad lib/orangescrt.a(misc.o)
 .rodata        0x00000000000143dd       0x23 lib/orangescrt.a(open.o)
 .rodata        0x0000000000014400       0x25 lib/orangescrt.a(getpid.o)
 .rodata        0x0000000000014425       0x23 lib/orangescrt.a(stat.o)
 .rodata        0x0000000000014448       0x33 lib/orangescrt.a(fork.o)
 *fill*         0x000000000001447b        0x1 
 .rodata        0x000000000001447c       0x87 lib/orangescrt.a(exec.o)

.rodata1
 *(.rodata1)

.eh_frame_hdr
 *(.eh_frame_hdr)
 *(.eh_frame_entry .eh_frame_entry.*)

.eh_frame       0x0000000000014504     0x1790
 *(.eh_frame)
 .eh_frame      0x0000000000014504       0x38 kernel/start.o
 .eh_frame      0x000000000001453c      0x5c8 kernel/main.o
                                        0x5e0 (size before relaxing)
 .eh_frame      0x0000000000014b04       0x60 kernel/clock.o
                                         0x78 (size before relaxing)
 .eh_frame      0x0000000000014b64       0xe0 kernel/keyboard.o
                                         0xf8 (size before relaxing)
 .eh_frame      0x0000000000014c44      0x13c kernel/tty.o
                                        0x154 (size before relaxing)
 .eh_frame      0x0000000000014d80      0x144 kernel/console.o
                                        0x15c (size before relaxing)
 .eh_frame      0x0000000000014ec4       0x60 kernel/i8259.o
                                         0x78 (size before relaxing)
 .eh_frame      0x0000000000014f24       0xb0 kernel/protect.o
                                         0xc8 (size before relaxing)
 .eh_frame      0x0000000000014fd4      0x1b8 kernel/proc.o
                                        0x1d0 (size before relaxing)
 .eh_frame      0x000000000001518c       0x5c kernel/systask.o
                                         0x74 (size before relaxing)
 .eh_frame      0x00000000000151e8      0x1c8 kernel/hd.o
                                        0x1e0 (size before relaxing)
 .eh_frame      0x00000000000153b0       0xa0 kernel/klib.o
                                         0xb8 (size before relaxing)
 .eh_frame      0x0000000000015450       0x40 kernel/welcome.o
                                         0x58 (size before relaxing)
 .eh_frame      0x0000000000015490       0x20 lib/syslog.o
                                         0x38 (size before relaxing)
 .eh_frame      0x00000000000154b0       0x7c mm/main.o
                                         0x94 (size before relaxing)
 .eh_frame      0x000000000001552c       0x90 mm/forkexit.o
                                         0xa8 (size before relaxing)
 .eh_frame      0x00000000000155bc       0x2c mm/exec.o
                                         0x44 (size before relaxing)
 .eh_frame      0x00000000000155e8      0x170 fs/main.o
                                        0x188 (size before relaxing)
 .eh_frame      0x0000000000015758      0x120 fs/open.o
                                        0x138 (size before relaxing)
 .eh_frame      0x0000000000015878       0x68 fs/misc.o
                                         0x80 (size before relaxing)
 .eh_frame      0x00000000000158e0       0x2c fs/read_write.o
                                         0x44 (size before relaxing)
 .eh_frame      0x000000000001590c       0x2c fs/link.o
                                         0x44 (size before relaxing)
 .eh_frame      0x0000000000015938       0x60 fs/disklog.o
                                         0x78 (size before relaxing)
 .eh_frame      0x0000000000015998       0x40 lib/orangescrt.a(printf.o)
                                         0x58 (size before relaxing)
 .eh_frame      0x00000000000159d8       0x60 lib/orangescrt.a(vsprintf.o)
                                         0x78 (size before relaxing)
 .eh_frame      0x0000000000015a38       0xbc lib/orangescrt.a(misc.o)
                                         0xd4 (size before relaxing)
 .eh_frame      0x0000000000015af4       0x20 lib/orangescrt.a(open.o)
                                         0x38 (size before relaxing)
 .eh_frame      0x0000000000015b14       0x20 lib/orangescrt.a(read.o)
                                         0x38 (size before relaxing)
 .eh_frame      0x0000000000015b34       0x20 lib/orangescrt.a(write.o)
                                         0x38 (size before relaxing)
 .eh_frame      0x0000000000015b54       0x20 lib/orangescrt.a(close.o)
                                         0x38 (size before relaxing)
 .eh_frame      0x0000000000015b74       0x20 lib/orangescrt.a(unlink.o)
                                         0x38 (size before relaxing)
 .eh_frame      0x0000000000015b94       0x20 lib/orangescrt.a(lseek.o)
                                         0x38 (size before relaxing)
 .eh_frame      0x0000000000015bb4       0x20 lib/orangescrt.a(getpid.o)
                                         0x38 (size before relaxing)
 .eh_frame      0x0000000000015bd4       0x20 lib/orangescrt.a(stat.o)
                                         0x38 (size before relaxing)
 .eh_frame      0x0000000000015bf4       0x20 lib/orangescrt.a(fork.o)
                                         0x38 (size before relaxing)
 .eh_frame      0x0000000000015c14       0x20 lib/orangescrt.a(wait.o)
                                         0x38 (size before relaxing)
 .eh_frame      0x0000000000015c34       0x60 lib/orangescrt.a(exec.o)
                                         0x78 (size before relaxing)
 *(.eh_frame.*)

.gcc_except_table
 *(.gcc_except_table .gcc_except_table.*)

.gnu_extab
 *(.gnu_extab*)

.exception_ranges
 *(.exception_ranges .exception_ranges*)
                0x0000000000016000                . = DATA_SEGMENT_ALIGN (0x1000, 0x1000)

.eh_frame
 *(.eh_frame)
 *(.eh_frame.*)

.gnu_extab
 *(.gnu_extab)

.gcc_except_table
 *(.gcc_except_table .gcc_except_table.*)

.exception_ranges
 *(.exception_ranges .exception_ranges*)

.tdata
 *(.tdata .tdata.* .gnu.linkonce.td.*)

.tbss
 *(.tbss .tbss.* .gnu.linkonce.tb.*)
 *(.tcommon)

.preinit_array  0x0000000000016000        0x0
                [!provide]                        PROVIDE (__preinit_array_start, .)
 *(.preinit_array)
                [!provide]                        PROVIDE (__preinit_array_end, .)

.init_array     0x0000000000016000        0x0
                [!provide]                        PROVIDE (__init_array_start, .)
 *(SORT(.init_array.*) SORT(.ctors.*))
 *(.init_array EXCLUDE_FILE(*crtend?.o *crtend.o *crtbegin?.o *crtbegin.o) .ctors)
                [!provide]                        PROVIDE (__init_array_end, .)

.fini_array     0x0000000000016000        0x0
                [!provide]                        PROVIDE (__fini_array_start, .)
 *(SORT(.fini_array.*) SORT(.dtors.*))
 *(.fini_array EXCLUDE_FILE(*crtend?.o *crtend.o *crtbegin?.o *crtbegin.o) .dtors)
                [!provide]                        PROVIDE (__fini_array_end, .)

.ctors
 *crtbegin.o(.ctors)
 *crtbegin?.o(.ctors)
 *(EXCLUDE_FILE(*crtend?.o *crtend.o) .ctors)
 *(SORT(.ctors.*))
 *(.ctors)

.dtors
 *crtbegin.o(.dtors)
 *crtbegin?.o(.dtors)
 *(EXCLUDE_FILE(*crtend?.o *crtend.o) .dtors)
 *(SORT(.dtors.*))
 *(.dtors)

.jcr
 *(.jcr)

.data.rel.ro
 *(.data.rel.ro.local* .gnu.linkonce.d.rel.ro.local.*)
 *(.data.rel.ro .data.rel.ro.* .gnu.linkonce.d.rel.ro.*)

.dynamic
 *(.dynamic)

.got
 *(.got)
 *(.igot)
                0x0000000000016000                . = DATA_SEGMENT_RELRO_END (., (SIZEOF (.got.plt) >= 0xc)?0xc:0x0)

.got.plt        0x0000000000016000        0x0
 *(.got.plt)
 *(.igot.plt)
 .igot.plt      0x0000000000016000        0x0 kernel/kernel.o

.data           0x0000000000016000      0x9b4
 *(.data .data.* .gnu.linkonce.d.*)
 .data          0x0000000000016000        0x2 kernel/kernel.o
 .data          0x0000000000016002        0x0 kernel/start.o
 *fill*         0x0000000000016002       0x1e 
 .data          0x0000000000016020      0x184 kernel/main.o
                0x0000000000016020                location
                0x00000000000160a0                users
                0x00000000000161a0                state
 .data          0x00000000000161a4        0x0 kernel/clock.o
 *fill*         0x00000000000161a4       0x1c 
 .data          0x00000000000161c0      0x600 kernel/keyboard.o
                0x00000000000161c0                keymap
 .data          0x00000000000167c0       0x22 kernel/tty.o
 .data          0x00000000000167e2        0x0 kernel/console.o
 .data          0x00000000000167e2        0x0 kernel/i8259.o
 *fill*         0x00000000000167e2       0x1e 
 .data          0x0000000000016800      0x1b4 kernel/global.o
                0x0000000000016800                task_table
                0x00000000000168e0                user_proc_table
                0x0000000000016980                sys_call_table
                0x000000000001698c                dd_map
                0x00000000000169a4                fsbuf
                0x00000000000169a8                mmbuf
                0x00000000000169ac                logbuf
                0x00000000000169b0                logdiskbuf
 .data          0x00000000000169b4        0x0 kernel/protect.o
 .data          0x00000000000169b4        0x0 kernel/proc.o
 .data          0x00000000000169b4        0x0 kernel/systask.o
 .data          0x00000000000169b4        0x0 kernel/hd.o
 .data          0x00000000000169b4        0x0 kernel/klib.o
 .data          0x00000000000169b4        0x0 kernel/welcome.o
 .data          0x00000000000169b4        0x0 lib/syslog.o
 .data          0x00000000000169b4        0x0 mm/main.o
 .data          0x00000000000169b4        0x0 mm/forkexit.o
 .data          0x00000000000169b4        0x0 mm/exec.o
 .data          0x00000000000169b4        0x0 fs/main.o
 .data          0x00000000000169b4        0x0 fs/open.o
 .data          0x00000000000169b4        0x0 fs/misc.o
 .data          0x00000000000169b4        0x0 fs/read_write.o
 .data          0x00000000000169b4        0x0 fs/link.o
 .data          0x00000000000169b4        0x0 fs/disklog.o
 .data          0x00000000000169b4        0x0 lib/orangescrt.a(printf.o)
 .data          0x00000000000169b4        0x0 lib/orangescrt.a(vsprintf.o)
 .data          0x00000000000169b4        0x0 lib/orangescrt.a(misc.o)
 .data          0x00000000000169b4        0x0 lib/orangescrt.a(open.o)
 .data          0x00000000000169b4        0x0 lib/orangescrt.a(read.o)
 .data          0x00000000000169b4        0x0 lib/orangescrt.a(write.o)
 .data          0x00000000000169b4        0x0 lib/orangescrt.a(close.o)
 .data          0x00000000000169b4        0x0 lib/orangescrt.a(unlink.o)
 .data          0x00000000000169b4        0x0 lib/orangescrt.a(lseek.o)
 .data          0x00000000000169b4        0x0 lib/orangescrt.a(getpid.o)
 .data          0x00000000000169b4        0x0 lib/orangescrt.a(stat.o)
 .data          0x00000000000169b4        0x0 lib/orangescrt.a(fork.o)
 .data          0x00000000000169b4        0x0 lib/orangescrt.a(wait.o)
 .data          0x00000000000169b4        0x0 lib/orangescrt.a(exec.o)

.data1
 *(.data1)
                0x00000000000169b4                _edata = .
                [!provide]                        PROVIDE (edata, .)
                0x00000000000169b4                . = .
                0x00000000000169b4                __bss_start = .

.bss            0x00000000000169c0    0x2d238
 *(.dynbss)
 *(.bss .bss.* .gnu.linkonce.b.*)
 .bss           0x00000000000169c0      0x800 kernel/kernel.o
 .bss           0x00000000000171c0        0x0 kernel/start.o
 .bss           0x00000000000171c0       0x9c kernel/main.o
                0x00000000000171c0                filepath
                0x0000000000017240                filecount
                0x0000000000017244                usercount
                0x0000000000017248                isEntered
                0x000000000001724c                UserState
                0x0000000000017250                leiflag
                0x0000000000017254                isStart
                0x0000000000017258                isPainting
 .bss           0x000000000001725c        0x0 kernel/clock.o
 *fill*         0x000000000001725c        0x4 
 .bss           0x0000000000017260       0x58 kernel/keyboard.o
 .bss           0x00000000000172b8        0x0 kernel/tty.o
 .bss           0x00000000000172b8        0x0 kernel/console.o
 .bss           0x00000000000172b8        0x0 kernel/i8259.o
 .bss           0x00000000000172b8        0x0 kernel/global.o
 .bss           0x00000000000172b8        0x0 kernel/protect.o
 .bss           0x00000000000172b8        0x0 kernel/proc.o
 .bss           0x00000000000172b8        0x0 kernel/systask.o
 *fill*         0x00000000000172b8        0x8 
 .bss           0x00000000000172c0      0x64c kernel/hd.o
 .bss           0x000000000001790c        0x0 kernel/klib.o
 .bss           0x000000000001790c        0x0 kernel/welcome.o
 .bss           0x000000000001790c        0x0 lib/syslog.o
 .bss           0x000000000001790c        0x0 mm/main.o
 .bss           0x000000000001790c        0x0 mm/forkexit.o
 .bss           0x000000000001790c        0x0 mm/exec.o
 .bss           0x000000000001790c        0x0 fs/main.o
 .bss           0x000000000001790c        0x0 fs/open.o
 .bss           0x000000000001790c        0x0 fs/misc.o
 .bss           0x000000000001790c        0x0 fs/read_write.o
 .bss           0x000000000001790c        0x0 fs/link.o
 *fill*         0x000000000001790c       0x14 
 .bss           0x0000000000017920      0x208 fs/disklog.o
 .bss           0x0000000000017b28        0x0 lib/orangescrt.a(printf.o)
 .bss           0x0000000000017b28        0x0 lib/orangescrt.a(vsprintf.o)
 .bss           0x0000000000017b28        0x0 lib/orangescrt.a(misc.o)
 .bss           0x0000000000017b28        0x0 lib/orangescrt.a(open.o)
 .bss           0x0000000000017b28        0x0 lib/orangescrt.a(read.o)
 .bss           0x0000000000017b28        0x0 lib/orangescrt.a(write.o)
 .bss           0x0000000000017b28        0x0 lib/orangescrt.a(close.o)
 .bss           0x0000000000017b28        0x0 lib/orangescrt.a(unlink.o)
 .bss           0x0000000000017b28        0x0 lib/orangescrt.a(lseek.o)
 .bss           0x0000000000017b28        0x0 lib/orangescrt.a(getpid.o)
 .bss           0x0000000000017b28        0x0 lib/orangescrt.a(stat.o)
 .bss           0x0000000000017b28        0x0 lib/orangescrt.a(fork.o)
 .bss           0x0000000000017b28        0x0 lib/orangescrt.a(wait.o)
 .bss           0x0000000000017b28        0x0 lib/orangescrt.a(exec.o)
 *(COMMON)
 *fill*         0x0000000000017b28       0x18 
 COMMON         0x0000000000017b40     0x17c0 kernel/main.o
                0x0000000000017b40                filequeue
                0x0000000000017c08                b
                0x0000000000017c0c                x
                0x0000000000017c10                c
                0x0000000000017c20                files
                0x0000000000018620                d
                0x0000000000018640                userfiles
                0x0000000000019040                a
                0x0000000000019060                chess
                0x0000000000019200                passwords
 COMMON         0x0000000000019300    0x2a8e8 kernel/global.o
                0x0000000000019300                idt_ptr
                0x0000000000019320                inode_table
                0x0000000000019e20                task_stack
                0x000000000003de20                k_reenter
                0x000000000003de40                gdt
                0x000000000003e240                current_console
                0x000000000003e244                pcaller
                0x000000000003e260                tty_table
                0x000000000003eee0                tss
                0x000000000003ef60                fs_msg
                0x000000000003ef90                memory_size
                0x000000000003efa0                f_desc_table
                0x000000000003f3a0                root_inode
                0x000000000003f3a4                disp_pos
                0x000000000003f3c0                mm_msg
                0x000000000003f3f0                key_pressed
                0x000000000003f3f4                gdt_ptr
                0x000000000003f400                idt
                0x000000000003fc00                super_block
                0x000000000003fde0                ticks
                0x000000000003fe00                console_table
                0x000000000003fe40                irq_table
                0x000000000003fe80                p_proc_ready
                0x000000000003fea0                proc_table
 COMMON         0x0000000000043be8       0x10 kernel/hd.o
                0x0000000000043be8                PARTITION_ENTRY
                0x0000000000043bf8                . = ALIGN ((. != 0x0)?0x4:0x1)
                0x0000000000043bf8                . = ALIGN (0x4)
                0x0000000000043bf8                . = SEGMENT_START ("ldata-segment", .)
                0x0000000000043bf8                . = ALIGN (0x4)
                0x0000000000043bf8                _end = .
                [!provide]                        PROVIDE (end, .)
                0x0000000000043bf8                . = DATA_SEGMENT_END (.)

.stab
 *(.stab)

.stabstr
 *(.stabstr)

.stab.excl
 *(.stab.excl)

.stab.exclstr
 *(.stab.exclstr)

.stab.index
 *(.stab.index)

.stab.indexstr
 *(.stab.indexstr)

.comment        0x0000000000000000       0x35
 *(.comment)
 .comment       0x0000000000000000       0x35 kernel/start.o
                                         0x36 (size before relaxing)
 .comment       0x0000000000000035       0x36 kernel/main.o
 .comment       0x0000000000000035       0x36 kernel/clock.o
 .comment       0x0000000000000035       0x36 kernel/keyboard.o
 .comment       0x0000000000000035       0x36 kernel/tty.o
 .comment       0x0000000000000035       0x36 kernel/console.o
 .comment       0x0000000000000035       0x36 kernel/i8259.o
 .comment       0x0000000000000035       0x36 kernel/global.o
 .comment       0x0000000000000035       0x36 kernel/protect.o
 .comment       0x0000000000000035       0x36 kernel/proc.o
 .comment       0x0000000000000035       0x36 kernel/systask.o
 .comment       0x0000000000000035       0x36 kernel/hd.o
 .comment       0x0000000000000035       0x36 kernel/klib.o
 .comment       0x0000000000000035       0x36 kernel/welcome.o
 .comment       0x0000000000000035       0x36 lib/syslog.o
 .comment       0x0000000000000035       0x36 mm/main.o
 .comment       0x0000000000000035       0x36 mm/forkexit.o
 .comment       0x0000000000000035       0x36 mm/exec.o
 .comment       0x0000000000000035       0x36 fs/main.o
 .comment       0x0000000000000035       0x36 fs/open.o
 .comment       0x0000000000000035       0x36 fs/misc.o
 .comment       0x0000000000000035       0x36 fs/read_write.o
 .comment       0x0000000000000035       0x36 fs/link.o
 .comment       0x0000000000000035       0x36 fs/disklog.o
 .comment       0x0000000000000035       0x36 lib/orangescrt.a(printf.o)
 .comment       0x0000000000000035       0x36 lib/orangescrt.a(vsprintf.o)
 .comment       0x0000000000000035       0x36 lib/orangescrt.a(misc.o)
 .comment       0x0000000000000035       0x36 lib/orangescrt.a(open.o)
 .comment       0x0000000000000035       0x36 lib/orangescrt.a(read.o)
 .comment       0x0000000000000035       0x36 lib/orangescrt.a(write.o)
 .comment       0x0000000000000035       0x36 lib/orangescrt.a(close.o)
 .comment       0x0000000000000035       0x36 lib/orangescrt.a(unlink.o)
 .comment       0x0000000000000035       0x36 lib/orangescrt.a(lseek.o)
 .comment       0x0000000000000035       0x36 lib/orangescrt.a(getpid.o)
 .comment       0x0000000000000035       0x36 lib/orangescrt.a(stat.o)
 .comment       0x0000000000000035       0x36 lib/orangescrt.a(fork.o)
 .comment       0x0000000000000035       0x36 lib/orangescrt.a(wait.o)
 .comment       0x0000000000000035       0x36 lib/orangescrt.a(exec.o)

.debug
 *(.debug)

.line
 *(.line)

.debug_srcinfo
 *(.debug_srcinfo)

.debug_sfnames
 *(.debug_sfnames)

.debug_aranges
 *(.debug_aranges)

.debug_pubnames
 *(.debug_pubnames)

.debug_info
 *(.debug_info .gnu.linkonce.wi.*)

.debug_abbrev
 *(.debug_abbrev)

.debug_line
 *(.debug_line .debug_line.* .debug_line_end)

.debug_frame
 *(.debug_frame)

.debug_str
 *(.debug_str)

.debug_loc
 *(.debug_loc)

.debug_macinfo
 *(.debug_macinfo)

.debug_weaknames
 *(.debug_weaknames)

.debug_funcnames
 *(.debug_funcnames)

.debug_typenames
 *(.debug_typenames)

.debug_varnames
 *(.debug_varnames)

.debug_pubtypes
 *(.debug_pubtypes)

.debug_ranges
 *(.debug_ranges)

.debug_macro
 *(.debug_macro)

.gnu.attributes
 *(.gnu.attributes)

/DISCARD/
 *(.note.GNU-stack)
 *(.gnu_debuglink)
 *(.gnu.lto_*)
OUTPUT(kernel.bin elf32-i386)
